// Jest Snapshot v1, https://goo.gl/fbAQLP

exports[`matches snapshots 1`] = `
<div
  className="primary_cart"
  data-testid="cart"
  onClick={[Function]}
>
  <svg
    className="primary_cart_icon"
    fill="currentColor"
    height="1em"
    style={
      Object {
        "height": "2.6rem",
        "width": "2.6rem",
      }
    }
    viewBox="0 0 16 16"
    width="1em"
    xmlns="http://www.w3.org/2000/svg"
  >
    <path
      d="M0 1.5A.5.5 0 0 1 .5 1H2a.5.5 0 0 1 .485.379L2.89 3H14.5a.5.5 0 0 1 .49.598l-1 5a.5.5 0 0 1-.465.401l-9.397.472L4.415 11H13a.5.5 0 0 1 0 1H4a.5.5 0 0 1-.491-.408L2.01 3.607 1.61 2H.5a.5.5 0 0 1-.5-.5zM3.102 4l.84 4.479 9.144-.459L13.89 4H3.102zM5 12a2 2 0 1 0 0 4 2 2 0 0 0 0-4zm7 0a2 2 0 1 0 0 4 2 2 0 0 0 0-4zm-7 1a1 1 0 1 1 0 2 1 1 0 0 1 0-2zm7 0a1 1 0 1 1 0 2 1 1 0 0 1 0-2z"
    />
  </svg>
  <div
    className="primary_cart_counter"
    data-testid="cart-counter"
    style={
      Object {
        "height": "2rem",
        "lineHeight": "2rem",
        "width": "2rem",
      }
    }
  >
    20
  </div>
</div>
`;
